Test 1: Basic division
>>> from 1-matrix_divided import matrix_divided
>>> matrix = [[1, 2], [3, 4]]
>>> matrix_divided(matrix, 2)
[[0.5, 1.0], [1.5, 2.0]]

Test 2: Division by float
>>> matrix_divided([[10, 20], [30, 40]], 10.0)
[[1.0, 2.0], [3.0, 4.0]]

Test 3: Mixed types
>>> matrix_divided([[1, 2.5], [3.5, 4]], 2)
[[0.5, 1.25], [1.75, 2.0]]

Test 4: Matrix with uneven row sizes
>>> matrix_divided([[1, 2], [3, 4, 5]], 1)
Traceback (most recent call last):
    ...
TypeError: Each row of the matrix must have the same size

Test 5: Matrix with non-numeric element
>>> matrix_divided([[1, "a"], [3, 4]], 2)
Traceback (most recent call last):
    ...
TypeError: matrix must be a matrix (list of lists) of integers/floats

Test 6: div is not a number
>>> matrix_divided([[1, 2], [3, 4]], "2")
Traceback (most recent call last):
    ...
TypeError: div must be a number

Test 7: div is zero
>>> matrix_divided([[1, 2], [3, 4]], 0)
Traceback (most recent call last):
    ...
ZeroDivisionError: division by zero
