This file contains tests for the say_my_name function.

>>> say_my_name = __import__('3-say_my_name').say_my_name

>>> say_my_name("John", "Doe")
My name is John Doe

>>> say_my_name("Alice")
My name is Alice 

>>> say_my_name("Dianah", "Gasasira")
My name is Dianah Gasasira

>>> say_my_name(123, "Smith")
Traceback (most recent call last):
...
TypeError: first_name must be a string

>>> say_my_name("Jane", 456)
Traceback (most recent call last):
...
TypeError: last_name must be a string


