>>> from 3-say_my_name import say_my_name
>>> say_my_name("John", "Doe")
My name is John Doe

>>> say_my_name("Alice")
My name is Alice 

>>> say_my_name(123, "Smith")
Traceback (most recent call last):
    ...
TypeError: first_name must be a string

>>> say_my_name("Jane", None)
Traceback (most recent call last):
    ...
TypeError: last_name must be a string

